../Core/Src/main.c:77:5:_write	32	static
../Core/Src/main.c:95:5:main	56	static
../Core/Src/main.c:234:6:SystemClock_Config	120	static
../Core/Src/main.c:293:13:MX_ADC1_Init	48	static
../Core/Src/main.c:361:13:MX_FDCAN1_Init	8	static
../Core/Src/main.c:453:13:MX_TIM2_Init	48	static
../Core/Src/main.c:502:13:MX_USART2_UART_Init	8	static
../Core/Src/main.c:550:13:MX_GPIO_Init	48	static
../Core/Src/main.c:580:6:PID_Initialize	16	static
../Core/Src/main.c:594:8:PID_Discrete	24	static
../Core/Src/main.c:620:6:Error_Handler	4	static,ignoring_inline_asm
